// Jest Snapshot v1, https://goo.gl/fbAQLP

exports[`renders without crashing 1`] = `
ShallowWrapper {
  "length": 1,
  Symbol(enzyme.__root__): [Circular],
  Symbol(enzyme.__unrendered__): <LandingHero />,
  Symbol(enzyme.__renderer__): Object {
    "batchedUpdates": [Function],
    "getNode": [Function],
    "render": [Function],
    "simulateEvent": [Function],
    "unmount": [Function],
  },
  Symbol(enzyme.__node__): Object {
    "instance": null,
    "key": undefined,
    "nodeType": "host",
    "props": Object {
      "children": Array [
        <div
          className={undefined}
>
          <h1>
                    Freelancer
          </h1>
          <h1>
                    Management.
          </h1>
          <h1>
                    For free.
          </h1>
          <p>
                    Keep track of your freelancers' performance and identify the best resources for your next project.
          </p>
          <div
                    className={undefined}
          >
                    <withRouter()
                              color="blue"
                              icon="fa-rocket"
                              link="/register"
                              size="cta"
                              text=" Get started "
                    />
          </div>
</div>,
        <div
          className={undefined}
/>,
      ],
      "className": undefined,
    },
    "ref": null,
    "rendered": Array [
      Object {
        "instance": null,
        "key": undefined,
        "nodeType": "host",
        "props": Object {
          "children": Array [
            <h1>
              Freelancer
</h1>,
            <h1>
              Management.
</h1>,
            <h1>
              For free.
</h1>,
            <p>
              Keep track of your freelancers' performance and identify the best resources for your next project.
</p>,
            <div
              className={undefined}
>
              <withRouter()
                            color="blue"
                            icon="fa-rocket"
                            link="/register"
                            size="cta"
                            text=" Get started "
              />
</div>,
          ],
          "className": undefined,
        },
        "ref": null,
        "rendered": Array [
          Object {
            "instance": null,
            "key": undefined,
            "nodeType": "host",
            "props": Object {
              "children": "Freelancer",
            },
            "ref": null,
            "rendered": "Freelancer",
            "type": "h1",
          },
          Object {
            "instance": null,
            "key": undefined,
            "nodeType": "host",
            "props": Object {
              "children": "Management.",
            },
            "ref": null,
            "rendered": "Management.",
            "type": "h1",
          },
          Object {
            "instance": null,
            "key": undefined,
            "nodeType": "host",
            "props": Object {
              "children": "For free.",
            },
            "ref": null,
            "rendered": "For free.",
            "type": "h1",
          },
          Object {
            "instance": null,
            "key": undefined,
            "nodeType": "host",
            "props": Object {
              "children": "Keep track of your freelancers' performance and identify the best resources for your next project.",
            },
            "ref": null,
            "rendered": "Keep track of your freelancers' performance and identify the best resources for your next project.",
            "type": "p",
          },
          Object {
            "instance": null,
            "key": undefined,
            "nodeType": "host",
            "props": Object {
              "children": <withRouter()
                color="blue"
                icon="fa-rocket"
                link="/register"
                size="cta"
                text=" Get started "
/>,
              "className": undefined,
            },
            "ref": null,
            "rendered": Object {
              "instance": null,
              "key": undefined,
              "nodeType": "function",
              "props": Object {
                "color": "blue",
                "icon": "fa-rocket",
                "link": "/register",
                "size": "cta",
                "text": " Get started ",
              },
              "ref": null,
              "rendered": null,
              "type": [Function],
            },
            "type": "div",
          },
        ],
        "type": "div",
      },
      Object {
        "instance": null,
        "key": undefined,
        "nodeType": "host",
        "props": Object {
          "className": undefined,
        },
        "ref": null,
        "rendered": null,
        "type": "div",
      },
    ],
    "type": "div",
  },
  Symbol(enzyme.__nodes__): Array [
    Object {
      "instance": null,
      "key": undefined,
      "nodeType": "host",
      "props": Object {
        "children": Array [
          <div
            className={undefined}
>
            <h1>
                        Freelancer
            </h1>
            <h1>
                        Management.
            </h1>
            <h1>
                        For free.
            </h1>
            <p>
                        Keep track of your freelancers' performance and identify the best resources for your next project.
            </p>
            <div
                        className={undefined}
            >
                        <withRouter()
                                    color="blue"
                                    icon="fa-rocket"
                                    link="/register"
                                    size="cta"
                                    text=" Get started "
                        />
            </div>
</div>,
          <div
            className={undefined}
/>,
        ],
        "className": undefined,
      },
      "ref": null,
      "rendered": Array [
        Object {
          "instance": null,
          "key": undefined,
          "nodeType": "host",
          "props": Object {
            "children": Array [
              <h1>
                Freelancer
</h1>,
              <h1>
                Management.
</h1>,
              <h1>
                For free.
</h1>,
              <p>
                Keep track of your freelancers' performance and identify the best resources for your next project.
</p>,
              <div
                className={undefined}
>
                <withRouter()
                                color="blue"
                                icon="fa-rocket"
                                link="/register"
                                size="cta"
                                text=" Get started "
                />
</div>,
            ],
            "className": undefined,
          },
          "ref": null,
          "rendered": Array [
            Object {
              "instance": null,
              "key": undefined,
              "nodeType": "host",
              "props": Object {
                "children": "Freelancer",
              },
              "ref": null,
              "rendered": "Freelancer",
              "type": "h1",
            },
            Object {
              "instance": null,
              "key": undefined,
              "nodeType": "host",
              "props": Object {
                "children": "Management.",
              },
              "ref": null,
              "rendered": "Management.",
              "type": "h1",
            },
            Object {
              "instance": null,
              "key": undefined,
              "nodeType": "host",
              "props": Object {
                "children": "For free.",
              },
              "ref": null,
              "rendered": "For free.",
              "type": "h1",
            },
            Object {
              "instance": null,
              "key": undefined,
              "nodeType": "host",
              "props": Object {
                "children": "Keep track of your freelancers' performance and identify the best resources for your next project.",
              },
              "ref": null,
              "rendered": "Keep track of your freelancers' performance and identify the best resources for your next project.",
              "type": "p",
            },
            Object {
              "instance": null,
              "key": undefined,
              "nodeType": "host",
              "props": Object {
                "children": <withRouter()
                  color="blue"
                  icon="fa-rocket"
                  link="/register"
                  size="cta"
                  text=" Get started "
/>,
                "className": undefined,
              },
              "ref": null,
              "rendered": Object {
                "instance": null,
                "key": undefined,
                "nodeType": "function",
                "props": Object {
                  "color": "blue",
                  "icon": "fa-rocket",
                  "link": "/register",
                  "size": "cta",
                  "text": " Get started ",
                },
                "ref": null,
                "rendered": null,
                "type": [Function],
              },
              "type": "div",
            },
          ],
          "type": "div",
        },
        Object {
          "instance": null,
          "key": undefined,
          "nodeType": "host",
          "props": Object {
            "className": undefined,
          },
          "ref": null,
          "rendered": null,
          "type": "div",
        },
      ],
      "type": "div",
    },
  ],
  Symbol(enzyme.__options__): Object {
    "adapter": ReactFifteenAdapter {
      "options": Object {
        "supportPrevContextArgumentOfComponentDidUpdate": true,
      },
    },
  },
}
`;
