// Jest Snapshot v1, https://goo.gl/fbAQLP

exports[`renders without crashing 1`] = `
ShallowWrapper {
  "length": 1,
  Symbol(enzyme.__root__): [Circular],
  Symbol(enzyme.__unrendered__): <LandingNav />,
  Symbol(enzyme.__renderer__): Object {
    "batchedUpdates": [Function],
    "getNode": [Function],
    "render": [Function],
    "simulateEvent": [Function],
    "unmount": [Function],
  },
  Symbol(enzyme.__node__): Object {
    "instance": null,
    "key": undefined,
    "nodeType": "host",
    "props": Object {
      "children": Array [
        <img
          alt="small logo"
          className={undefined}
          src="web-title@svg.svg"
/>,
        <LandingNavItems
          items={
                    Array [
                              Object {
                                "href": "/login",
                                "text": "Log in",
                              },
                              Object {
                                "href": "/register",
                                "text": "Register",
                              },
                            ]
          }
/>,
      ],
      "className": undefined,
    },
    "ref": null,
    "rendered": Array [
      Object {
        "instance": null,
        "key": undefined,
        "nodeType": "host",
        "props": Object {
          "alt": "small logo",
          "className": undefined,
          "src": "web-title@svg.svg",
        },
        "ref": null,
        "rendered": null,
        "type": "img",
      },
      Object {
        "instance": null,
        "key": undefined,
        "nodeType": "function",
        "props": Object {
          "items": Array [
            Object {
              "href": "/login",
              "text": "Log in",
            },
            Object {
              "href": "/register",
              "text": "Register",
            },
          ],
        },
        "ref": null,
        "rendered": null,
        "type": [Function],
      },
    ],
    "type": "div",
  },
  Symbol(enzyme.__nodes__): Array [
    Object {
      "instance": null,
      "key": undefined,
      "nodeType": "host",
      "props": Object {
        "children": Array [
          <img
            alt="small logo"
            className={undefined}
            src="web-title@svg.svg"
/>,
          <LandingNavItems
            items={
                        Array [
                                    Object {
                                      "href": "/login",
                                      "text": "Log in",
                                    },
                                    Object {
                                      "href": "/register",
                                      "text": "Register",
                                    },
                                  ]
            }
/>,
        ],
        "className": undefined,
      },
      "ref": null,
      "rendered": Array [
        Object {
          "instance": null,
          "key": undefined,
          "nodeType": "host",
          "props": Object {
            "alt": "small logo",
            "className": undefined,
            "src": "web-title@svg.svg",
          },
          "ref": null,
          "rendered": null,
          "type": "img",
        },
        Object {
          "instance": null,
          "key": undefined,
          "nodeType": "function",
          "props": Object {
            "items": Array [
              Object {
                "href": "/login",
                "text": "Log in",
              },
              Object {
                "href": "/register",
                "text": "Register",
              },
            ],
          },
          "ref": null,
          "rendered": null,
          "type": [Function],
        },
      ],
      "type": "div",
    },
  ],
  Symbol(enzyme.__options__): Object {
    "adapter": ReactFifteenAdapter {
      "options": Object {
        "supportPrevContextArgumentOfComponentDidUpdate": true,
      },
    },
  },
}
`;
